=~=~=~=~=~=~=~=~=~=~=~= PuTTY log 2022.10.29 21:19:12 =~=~=~=~=~=~=~=~=~=~=~=

 ets Jan  8 2013,rst cause:2, boot mode:(3,7)

load 0x40100000, len 7032, room 16 
tail 8
chksum 0x94
load 0x3ffe8408, len 24, room 0 
tail 8
chksum 0x2d
load 0x3ffe8420, len 3328, room 0 
tail 0
chksum 0x5d
csum 0x5d
[0;32mI (42) boot: ESP-IDF v3.4-49-g0f200b46-dirty 2nd stage bootloader[0m
[0;32mI (43) boot: compile time 17:22:17[0m
[0;32mI (43) boot: SPI Speed      : 40MHz[0m
[0;32mI (50) boot: SPI Mode       : DIO[0m
[0;32mI (56) boot: SPI Flash Size : 1MB[0m
[0;32mI (62) boot: Partition Table:[0m
[0;32mI (68) boot: ## Label            Usage          Type ST Offset   Length[0m
[0;32mI (79) boot:  0 nvs              WiFi data        01 02 00009000 00006000[0m
[0;32mI (90) boot:  1 phy_init         RF data          01 01 0000f000 00001000[0m
[0;32mI (102) boot:  2 factory          factory app      00 00 00010000 000f0000[0m
[0;32mI (113) boot: End of partition table[0m
[0;32mI (120) esp_image: segment 0: paddr=0x00010010 vaddr=0x40210010 size=0x15e10 ( 89616) map[0m
[0;32mI (171) esp_image: segment 1: paddr=0x00025e28 vaddr=0x40225e20 size=0x05920 ( 22816) map[0m
[0;32mI (181) esp_image: segment 2: paddr=0x0002b750 vaddr=0x3ffe8000 size=0x003dc (   988) load[0m
[0;32mI (182) esp_image: segment 3: paddr=0x0002bb34 vaddr=0x40100000 size=0x00080 (   128) load[0m
[0;32mI (196) esp_image: segment 4: paddr=0x0002bbbc vaddr=0x40100080 size=0x04558 ( 17752) load[0m
[0;32mI (216) boot: Loaded app from partition at offset 0x10000[0m
[0;32mI (237) gpio: GPIO[2]| InputEn: 0| OutputEn: 1| OpenDrain: 0| Pullup: 0| Pulldown: 0| Intr:0 [0m
[0;32mI (250) main: Status: 1
[0m
[0;32mI (1250) main: Status: 0
[0m
[0;32mI (2250) main: Status: 0
[0m
[0;32mI (3260) main: Status: 1
[0m
[0;32mI (4260) main: Status: 0
[0m
[0;32mI (5260) main: Status: 0
[0m
[0;32mI (6260) main: Status: 1
[0m
[0;32mI (7260) main: Status: 0
[0m
[0;32mI (8270) main: Status: 0
[0m
[0;32mI (9270) main: Status: 0
[0m
[0;32mI (10271) main: Status: 0
[0m
[0;32mI (11271) main: Status: 1
[0m
[0;32mI (12271) main: Status: 1
[0m
[0;32mI (13271) main: Status: 0
[0m
[0;32mI (14271) main: Status: 0
[0m
[0;32mI (15271) main: Status: 1
[0m
[0;32mI (16271) main: Status: 0
[0m
[0;32mI (17271) main: Status: 0
[0m
[0;32mI (18271) main: Status: 1
[0m
[0;32mI (19271) main: Status: 0
[0m
[0;32mI (20272) main: Status: 0
[0m
[0;32mI (21272) main: Status: 1
[0m
[0;32mI (22272) main: Status: 0
[0m
[0;32mI (23272) main: Status: 0
[0m
[0;32mI (24272) main: Status: 1
[0m
[0;32mI (25272) main: Status: 0
[0m
[0;32mI (26272) main: Status: 0
[0m
[0;32mI (27272) main: Status: 1
[0m
[0;32mI (28272) main: Status: 0
[0m
[0;32mI (29272) main: Status: 0
[0m
[0;32mI (30273) main: Status: 1
[0m
[0;32mI (31273) main: Status: 0
[0m
[0;32mI (32273) main: Status: 0
[0m